// Vitest Snapshot v1, https://vitest.dev/guide/snapshot.html

exports[`adapter output snapshots > ClaudeAdapter > file paths match snapshot 1`] = `
[
  ".claude/agents/hatch3r-readonly-agent.md",
  ".claude/agents/hatch3r-test-agent.md",
  ".claude/agents/modes/fake-mode.md",
  ".claude/agents/shared/fake-reference.md",
  ".claude/commands/board/pickup-fake.md",
  ".claude/commands/hatch3r-agent-team.md",
  ".claude/commands/hatch3r-test-command.md",
  ".claude/hooks/agent-tool-policies.json",
  ".claude/hooks/hatch3r-hooks.json",
  ".claude/hooks/pretooluse-allowlist.mjs",
  ".claude/rules/50-hatch3r-advisory-hooks.md",
  ".claude/rules/50-hatch3r-scoped-rule.md",
  ".claude/rules/50-hatch3r-test-rule.md",
  ".claude/settings.json",
  ".claude/skills/hatch3r-test-skill/SKILL.md",
  ".mcp.json",
  "CLAUDE.md",
]
`;

exports[`adapter output snapshots > ClaudeAdapter > output structure matches snapshot 1`] = `
[
  {
    "action": "create",
    "bodyHash": "b731f3c75569da28d57e76dbc3c78dd6a752d0d50992780c4792b9f08f7d8f46",
    "contentMarkers": [
      "FRONTMATTER",
      "MANAGED_BLOCK",
    ],
    "hasManagedContent": true,
    "path": ".claude/agents/hatch3r-readonly-agent.md",
  },
  {
    "action": "create",
    "bodyHash": "efac1c138be38c9b17cab4a9958224086721bc505f97a61da359ee97ce95b523",
    "contentMarkers": [
      "FRONTMATTER",
      "MANAGED_BLOCK",
    ],
    "hasManagedContent": true,
    "path": ".claude/agents/hatch3r-test-agent.md",
  },
  {
    "action": "create",
    "bodyHash": "6ca12684f9fdd792051a0a9fe99059ad4cc3296a55167113e1e4455e9cc61a6d",
    "contentMarkers": [
      "MANAGED_BLOCK",
    ],
    "hasManagedContent": true,
    "path": ".claude/agents/modes/fake-mode.md",
  },
  {
    "action": "create",
    "bodyHash": "d177b412a95083564aae400d4073842e8cfe83fa6e17cc41479c16060a39c5ea",
    "contentMarkers": [
      "MANAGED_BLOCK",
    ],
    "hasManagedContent": true,
    "path": ".claude/agents/shared/fake-reference.md",
  },
  {
    "action": "create",
    "bodyHash": "20920e1be60e075ae0f4897944a66b90b56220e0f38b7a6902b8d9d142e3fde1",
    "contentMarkers": [
      "MANAGED_BLOCK",
    ],
    "hasManagedContent": true,
    "path": ".claude/commands/board/pickup-fake.md",
  },
  {
    "action": "create",
    "bodyHash": "7ed4814b45eb01509f72112e3f677a1325b0f346543992a88eb782a89a086931",
    "contentMarkers": [
      "FRONTMATTER",
      "MANAGED_BLOCK",
    ],
    "hasManagedContent": true,
    "path": ".claude/commands/hatch3r-agent-team.md",
  },
  {
    "action": "create",
    "bodyHash": "caaffe65856323e861f5b90f03217d1ecfe0d97670d83237c12b84168fb8084d",
    "contentMarkers": [
      "FRONTMATTER",
      "MANAGED_BLOCK",
    ],
    "hasManagedContent": true,
    "path": ".claude/commands/hatch3r-test-command.md",
  },
  {
    "action": "create",
    "bodyHash": "1f66726280e0ebf465eb41b68bfa54218d39dfb61a180d2c5cd2ba349d86fe9e",
    "contentMarkers": [
      "VALID_JSON",
    ],
    "hasManagedContent": false,
    "path": ".claude/hooks/agent-tool-policies.json",
  },
  {
    "action": "create",
    "bodyHash": "83a3967d2abe7cb5036bb85aa41266f676aaff4e1a60cd57f4378e6ea3c095c9",
    "contentMarkers": [
      "VALID_JSON",
    ],
    "hasManagedContent": false,
    "path": ".claude/hooks/hatch3r-hooks.json",
  },
  {
    "action": "create",
    "bodyHash": "9650ab21f1e963a1f42915776a70dab04ff09ce7671657b7e049f564b53a5dcd",
    "contentMarkers": [],
    "hasManagedContent": false,
    "path": ".claude/hooks/pretooluse-allowlist.mjs",
  },
  {
    "action": "create",
    "bodyHash": "d4a0483decada2deab9c4d67d8a2bceb4fff9056295f11181f0a061b8cdc16f8",
    "contentMarkers": [
      "MANAGED_BLOCK",
    ],
    "hasManagedContent": true,
    "path": ".claude/rules/50-hatch3r-advisory-hooks.md",
  },
  {
    "action": "create",
    "bodyHash": "2b4bdd35309643cd0236e838d60118ad42becbe7abee53390d9a2c96fadec463",
    "contentMarkers": [
      "FRONTMATTER",
      "MANAGED_BLOCK",
    ],
    "hasManagedContent": true,
    "path": ".claude/rules/50-hatch3r-scoped-rule.md",
  },
  {
    "action": "create",
    "bodyHash": "90ac9aad163073c719b5b240139eead315f0b66306e4a9eb76c75c75b5220360",
    "contentMarkers": [
      "MANAGED_BLOCK",
    ],
    "hasManagedContent": true,
    "path": ".claude/rules/50-hatch3r-test-rule.md",
  },
  {
    "action": "create",
    "bodyHash": "0ded848afbc37cf9aa9cffe15d9015e8f52f72b8516f5458beba85406d40396f",
    "contentMarkers": [
      "PERMISSIONS_CONFIG",
      "VALID_JSON",
    ],
    "hasManagedContent": false,
    "path": ".claude/settings.json",
  },
  {
    "action": "create",
    "bodyHash": "6dfcc96eb69c2652c26b8537473589cc6e0758715dc27935f52801dbd120f158",
    "contentMarkers": [
      "FRONTMATTER",
      "MANAGED_BLOCK",
    ],
    "hasManagedContent": true,
    "path": ".claude/skills/hatch3r-test-skill/SKILL.md",
  },
  {
    "action": "create",
    "bodyHash": "8fd6059209e0b8396d3831ce8db1aafd8d263feff0bef1aa3baba072295b25d5",
    "contentMarkers": [
      "MCP_CONFIG",
      "VALID_JSON",
    ],
    "hasManagedContent": false,
    "path": ".mcp.json",
  },
  {
    "action": "create",
    "bodyHash": "1c5185177480b336fe9ec7ea10cca29941073e2da06d00247f3f0ddec80323cf",
    "contentMarkers": [
      "AGENT_QUICK_REFERENCE",
      "AGENT_TEAMS",
      "BRIDGE_SECTION",
      "MANAGED_BLOCK",
      "MANDATORY_BEHAVIORS",
    ],
    "hasManagedContent": true,
    "path": "CLAUDE.md",
  },
]
`;

exports[`adapter output snapshots > CopilotAdapter > file paths match snapshot 1`] = `
[
  ".github/agents/hatch3r-readonly-agent.agent.md",
  ".github/agents/hatch3r-test-agent.agent.md",
  ".github/agents/modes/fake-mode.md",
  ".github/agents/shared/fake-reference.md",
  ".github/copilot-instructions.md",
  ".github/instructions/50-hatch3r-scoped-rule.instructions.md",
  ".github/prompts/board/pickup-fake.md",
  ".github/prompts/hatch3r-test-command.prompt.md",
  ".github/skills/hatch3r-test-skill/SKILL.md",
  ".github/workflows/copilot-setup-steps.yml",
  ".vscode/mcp.json",
]
`;

exports[`adapter output snapshots > CopilotAdapter > output structure matches snapshot 1`] = `
[
  {
    "action": "create",
    "bodyHash": "a4d49abd5a9dccf8d385045179b752872d01dda9f141460ff4cba32baeb71abe",
    "contentMarkers": [
      "FRONTMATTER",
      "MANAGED_BLOCK",
    ],
    "hasManagedContent": true,
    "path": ".github/agents/hatch3r-readonly-agent.agent.md",
  },
  {
    "action": "create",
    "bodyHash": "3b6e4cb715f5bf364bd0c42bfe9af4536f0cdc0c6b20ac43e3d8adc38a3d8627",
    "contentMarkers": [
      "FRONTMATTER",
      "MANAGED_BLOCK",
    ],
    "hasManagedContent": true,
    "path": ".github/agents/hatch3r-test-agent.agent.md",
  },
  {
    "action": "create",
    "bodyHash": "46f946ee2e38ce272c8d7da19b2364d9579777975a1db9145e10f1054a7037e9",
    "contentMarkers": [
      "MANAGED_BLOCK",
    ],
    "hasManagedContent": true,
    "path": ".github/agents/modes/fake-mode.md",
  },
  {
    "action": "create",
    "bodyHash": "dfcf8a7cecf20bd87beb1f153630d7efe9f606b8987255df75ca8f817587fd1a",
    "contentMarkers": [
      "MANAGED_BLOCK",
    ],
    "hasManagedContent": true,
    "path": ".github/agents/shared/fake-reference.md",
  },
  {
    "action": "create",
    "bodyHash": "a3aa5c5c0f7d525c5418c21b56dd37739894bf8a230422e9db0d81071933017c",
    "contentMarkers": [
      "AGENT_QUICK_REFERENCE",
      "BRIDGE_SECTION",
      "MANAGED_BLOCK",
      "MANDATORY_BEHAVIORS",
    ],
    "hasManagedContent": true,
    "path": ".github/copilot-instructions.md",
  },
  {
    "action": "create",
    "bodyHash": "dfa8307ac7c5c95b8481f1d346b684bf97cb834c41041ae3eede669e9fc56567",
    "contentMarkers": [
      "FRONTMATTER",
      "MANAGED_BLOCK",
    ],
    "hasManagedContent": true,
    "path": ".github/instructions/50-hatch3r-scoped-rule.instructions.md",
  },
  {
    "action": "create",
    "bodyHash": "bf65585e2e990619c2a58e87b907ade8b0a4ae8b4ab26e6b9f5d05d6eeee949d",
    "contentMarkers": [
      "MANAGED_BLOCK",
    ],
    "hasManagedContent": true,
    "path": ".github/prompts/board/pickup-fake.md",
  },
  {
    "action": "create",
    "bodyHash": "9f81e2b5a166c02f60ee288ad54e0977e308ade2696ee77af3d5f200ad4cbd99",
    "contentMarkers": [
      "FRONTMATTER",
      "MANAGED_BLOCK",
    ],
    "hasManagedContent": true,
    "path": ".github/prompts/hatch3r-test-command.prompt.md",
  },
  {
    "action": "create",
    "bodyHash": "8c63028845272a6142ff6b32298b34f0e3ffd16f4f6d46b40bdc28eb38b8f378",
    "contentMarkers": [
      "FRONTMATTER",
      "MANAGED_BLOCK",
    ],
    "hasManagedContent": true,
    "path": ".github/skills/hatch3r-test-skill/SKILL.md",
  },
  {
    "action": "create",
    "bodyHash": "ce338653eaafef2f0bfbd8cf956d76a15c736ab210e0c083a37dff4c750f513c",
    "contentMarkers": [
      "MANAGED_BLOCK_YAML",
    ],
    "hasManagedContent": true,
    "path": ".github/workflows/copilot-setup-steps.yml",
  },
  {
    "action": "create",
    "bodyHash": "db39256a82f6352b66ec868fe1519e001df2b87dbe036d3e0e936a371f03df27",
    "contentMarkers": [
      "VALID_JSON",
    ],
    "hasManagedContent": false,
    "path": ".vscode/mcp.json",
  },
]
`;

exports[`adapter output snapshots > CursorAdapter > file paths match snapshot 1`] = `
[
  ".cursor/agents-policy.json",
  ".cursor/agents/hatch3r-readonly-agent.md",
  ".cursor/agents/hatch3r-test-agent.md",
  ".cursor/agents/modes/fake-mode.md",
  ".cursor/agents/shared/fake-reference.md",
  ".cursor/commands/board/pickup-fake.md",
  ".cursor/commands/hatch3r-test-command.md",
  ".cursor/environment.json",
  ".cursor/hooks.json",
  ".cursor/hooks/mcp-guard.mjs",
  ".cursor/hooks/subagent-guard.mjs",
  ".cursor/hooks/workdir-guard.mjs",
  ".cursor/mcp.json",
  ".cursor/rules/50-hatch3r-scoped-rule.mdc",
  ".cursor/rules/50-hatch3r-test-rule.mdc",
  ".cursor/rules/hatch3r-bridge.mdc",
  ".cursor/rules/hatch3r-hook-ci-failure-label-handler.mdc",
  ".cursor/rules/hatch3r-hook-post-merge-deploy.mdc",
  ".cursor/rules/hatch3r-hook-pre-commit-lint-fixer.mdc",
  ".cursor/rules/hatch3r-hook-session-start-ci-watcher.mdc",
  ".cursor/rules/hatch3r-tool-allowlist.mdc",
  ".cursor/skills/hatch3r-test-skill/SKILL.md",
]
`;

exports[`adapter output snapshots > CursorAdapter > output structure matches snapshot 1`] = `
[
  {
    "action": "create",
    "bodyHash": "1f66726280e0ebf465eb41b68bfa54218d39dfb61a180d2c5cd2ba349d86fe9e",
    "contentMarkers": [
      "VALID_JSON",
    ],
    "hasManagedContent": false,
    "path": ".cursor/agents-policy.json",
  },
  {
    "action": "create",
    "bodyHash": "484302b2cee70363d0963ffcaf5b390545a60a8ffd5dd10ebe1b63ac8dddb3d5",
    "contentMarkers": [
      "FRONTMATTER",
      "MANAGED_BLOCK",
    ],
    "hasManagedContent": true,
    "path": ".cursor/agents/hatch3r-readonly-agent.md",
  },
  {
    "action": "create",
    "bodyHash": "3b6e4cb715f5bf364bd0c42bfe9af4536f0cdc0c6b20ac43e3d8adc38a3d8627",
    "contentMarkers": [
      "FRONTMATTER",
      "MANAGED_BLOCK",
    ],
    "hasManagedContent": true,
    "path": ".cursor/agents/hatch3r-test-agent.md",
  },
  {
    "action": "create",
    "bodyHash": "46f946ee2e38ce272c8d7da19b2364d9579777975a1db9145e10f1054a7037e9",
    "contentMarkers": [
      "MANAGED_BLOCK",
    ],
    "hasManagedContent": true,
    "path": ".cursor/agents/modes/fake-mode.md",
  },
  {
    "action": "create",
    "bodyHash": "dfcf8a7cecf20bd87beb1f153630d7efe9f606b8987255df75ca8f817587fd1a",
    "contentMarkers": [
      "MANAGED_BLOCK",
    ],
    "hasManagedContent": true,
    "path": ".cursor/agents/shared/fake-reference.md",
  },
  {
    "action": "create",
    "bodyHash": "bf65585e2e990619c2a58e87b907ade8b0a4ae8b4ab26e6b9f5d05d6eeee949d",
    "contentMarkers": [
      "MANAGED_BLOCK",
    ],
    "hasManagedContent": true,
    "path": ".cursor/commands/board/pickup-fake.md",
  },
  {
    "action": "create",
    "bodyHash": "9f81e2b5a166c02f60ee288ad54e0977e308ade2696ee77af3d5f200ad4cbd99",
    "contentMarkers": [
      "FRONTMATTER",
      "MANAGED_BLOCK",
    ],
    "hasManagedContent": true,
    "path": ".cursor/commands/hatch3r-test-command.md",
  },
  {
    "action": "create",
    "bodyHash": "b9d9d9857fd5bd58f1717a2520116979864f1954ad01d41e5778ffbd23dc8383",
    "contentMarkers": [
      "VALID_JSON",
    ],
    "hasManagedContent": false,
    "path": ".cursor/environment.json",
  },
  {
    "action": "create",
    "bodyHash": "5397963610801fe74652238e5fd0c533bfcac98a942201584fcc6dda203ef506",
    "contentMarkers": [
      "VALID_JSON",
    ],
    "hasManagedContent": false,
    "path": ".cursor/hooks.json",
  },
  {
    "action": "create",
    "bodyHash": "a48349d176344094fa5074655db0ca553b84b07b54637e85e4d6528b17a8f4b7",
    "contentMarkers": [
      "MCP_CONFIG",
    ],
    "hasManagedContent": false,
    "path": ".cursor/hooks/mcp-guard.mjs",
  },
  {
    "action": "create",
    "bodyHash": "cd048472ed19f88020e7d988343dbf13d724974e86697c58272260fa654d3bcd",
    "contentMarkers": [],
    "hasManagedContent": false,
    "path": ".cursor/hooks/subagent-guard.mjs",
  },
  {
    "action": "create",
    "bodyHash": "d886e5931680e081dfad385e9b0aab5d79a0304e5324b2d2175b2c07bacb46ca",
    "contentMarkers": [],
    "hasManagedContent": false,
    "path": ".cursor/hooks/workdir-guard.mjs",
  },
  {
    "action": "create",
    "bodyHash": "edcff16c54d750a9715197a8205fd4bc0795cf8982787be472150394411524d6",
    "contentMarkers": [
      "MCP_CONFIG",
      "VALID_JSON",
    ],
    "hasManagedContent": false,
    "path": ".cursor/mcp.json",
  },
  {
    "action": "create",
    "bodyHash": "7e5cdf906b26ca27061df2113190bb65c17e501a830992a7857b5dad26569286",
    "contentMarkers": [
      "CURSOR_GLOBS",
      "FRONTMATTER",
      "MANAGED_BLOCK",
    ],
    "hasManagedContent": true,
    "path": ".cursor/rules/50-hatch3r-scoped-rule.mdc",
  },
  {
    "action": "create",
    "bodyHash": "e25c2953c18286987c258bee0a8f0d0f30efffd8803d716b755fdb373f6e3e7e",
    "contentMarkers": [
      "CURSOR_ALWAYS_APPLY",
      "FRONTMATTER",
      "MANAGED_BLOCK",
    ],
    "hasManagedContent": true,
    "path": ".cursor/rules/50-hatch3r-test-rule.mdc",
  },
  {
    "action": "create",
    "bodyHash": "97c572b438bbd313f835a78552f84778148d263a5005a6217432395eecd82cd8",
    "contentMarkers": [
      "AGENT_QUICK_REFERENCE",
      "BRIDGE_SECTION",
      "CURSOR_ALWAYS_APPLY",
      "FRONTMATTER",
      "MANAGED_BLOCK",
      "MANDATORY_BEHAVIORS",
      "PERMISSIONS_CONFIG",
    ],
    "hasManagedContent": true,
    "path": ".cursor/rules/hatch3r-bridge.mdc",
  },
  {
    "action": "create",
    "bodyHash": "e926ca4a2f0f48ddf3034ade03525f5e1d8a2e54884c3cf7b9570a3b48b0e860",
    "contentMarkers": [
      "CURSOR_ALWAYS_APPLY",
      "FRONTMATTER",
      "MANAGED_BLOCK",
    ],
    "hasManagedContent": true,
    "path": ".cursor/rules/hatch3r-hook-ci-failure-label-handler.mdc",
  },
  {
    "action": "create",
    "bodyHash": "b59d6fe565418b9ae87a240dbf48d370995a9e5f0d6a4cf9dc96a0221b964ef9",
    "contentMarkers": [
      "CURSOR_ALWAYS_APPLY",
      "FRONTMATTER",
      "MANAGED_BLOCK",
    ],
    "hasManagedContent": true,
    "path": ".cursor/rules/hatch3r-hook-post-merge-deploy.mdc",
  },
  {
    "action": "create",
    "bodyHash": "395c71441315a27ea732a968c25b586102455235e517885bb94bde85eff66be4",
    "contentMarkers": [
      "CURSOR_GLOBS",
      "FRONTMATTER",
      "MANAGED_BLOCK",
    ],
    "hasManagedContent": true,
    "path": ".cursor/rules/hatch3r-hook-pre-commit-lint-fixer.mdc",
  },
  {
    "action": "create",
    "bodyHash": "25473cbfc6faef2db27925467a0e6dfb6b94798507b0b4208f18466b3541d1ad",
    "contentMarkers": [
      "CURSOR_ALWAYS_APPLY",
      "FRONTMATTER",
      "MANAGED_BLOCK",
    ],
    "hasManagedContent": true,
    "path": ".cursor/rules/hatch3r-hook-session-start-ci-watcher.mdc",
  },
  {
    "action": "create",
    "bodyHash": "d2ebbbe25afc508938adbd765240455370cde85f0a1d2b3cfa1f72b538166144",
    "contentMarkers": [
      "CURSOR_ALWAYS_APPLY",
      "FRONTMATTER",
      "MANAGED_BLOCK",
    ],
    "hasManagedContent": true,
    "path": ".cursor/rules/hatch3r-tool-allowlist.mdc",
  },
  {
    "action": "create",
    "bodyHash": "8c63028845272a6142ff6b32298b34f0e3ffd16f4f6d46b40bdc28eb38b8f378",
    "contentMarkers": [
      "FRONTMATTER",
      "MANAGED_BLOCK",
    ],
    "hasManagedContent": true,
    "path": ".cursor/skills/hatch3r-test-skill/SKILL.md",
  },
]
`;
