// Vitest Snapshot v1, https://vitest.dev/guide/snapshot.html

exports[`adapter output snapshots > ClaudeAdapter > file paths match snapshot 1`] = `
[
  ".claude/agents/hatch3r-readonly-agent.md",
  ".claude/agents/hatch3r-test-agent.md",
  ".claude/agents/modes/fake-mode.md",
  ".claude/agents/shared/fake-reference.md",
  ".claude/commands/board/pickup-fake.md",
  ".claude/commands/hatch3r-agent-team.md",
  ".claude/commands/hatch3r-test-command.md",
  ".claude/hooks/agent-tool-policies.json",
  ".claude/hooks/hatch3r-hooks.json",
  ".claude/hooks/pretooluse-allowlist.mjs",
  ".claude/rules/50-hatch3r-advisory-hooks.md",
  ".claude/rules/50-hatch3r-scoped-rule.md",
  ".claude/rules/50-hatch3r-test-rule.md",
  ".claude/settings.json",
  ".claude/skills/hatch3r-test-skill/SKILL.md",
  ".mcp.json",
  "CLAUDE.md",
]
`;

exports[`adapter output snapshots > ClaudeAdapter > output structure matches snapshot 1`] = `
[
  {
    "action": "create",
    "bodyHash": "b731f3c75569da28d57e76dbc3c78dd6a752d0d50992780c4792b9f08f7d8f46",
    "contentMarkers": [
      "FRONTMATTER",
      "MANAGED_BLOCK",
    ],
    "hasManagedContent": true,
    "path": ".claude/agents/hatch3r-readonly-agent.md",
  },
  {
    "action": "create",
    "bodyHash": "efac1c138be38c9b17cab4a9958224086721bc505f97a61da359ee97ce95b523",
    "contentMarkers": [
      "FRONTMATTER",
      "MANAGED_BLOCK",
    ],
    "hasManagedContent": true,
    "path": ".claude/agents/hatch3r-test-agent.md",
  },
  {
    "action": "create",
    "bodyHash": "6ca12684f9fdd792051a0a9fe99059ad4cc3296a55167113e1e4455e9cc61a6d",
    "contentMarkers": [
      "MANAGED_BLOCK",
    ],
    "hasManagedContent": true,
    "path": ".claude/agents/modes/fake-mode.md",
  },
  {
    "action": "create",
    "bodyHash": "d177b412a95083564aae400d4073842e8cfe83fa6e17cc41479c16060a39c5ea",
    "contentMarkers": [
      "MANAGED_BLOCK",
    ],
    "hasManagedContent": true,
    "path": ".claude/agents/shared/fake-reference.md",
  },
  {
    "action": "create",
    "bodyHash": "20920e1be60e075ae0f4897944a66b90b56220e0f38b7a6902b8d9d142e3fde1",
    "contentMarkers": [
      "MANAGED_BLOCK",
    ],
    "hasManagedContent": true,
    "path": ".claude/commands/board/pickup-fake.md",
  },
  {
    "action": "create",
    "bodyHash": "5b7f3d7a8b2bc9637ad66c33774a0b0082b5a78dfd72f138fbc6ca725c51a323",
    "contentMarkers": [
      "MANAGED_BLOCK",
    ],
    "hasManagedContent": true,
    "path": ".claude/commands/hatch3r-agent-team.md",
  },
  {
    "action": "create",
    "bodyHash": "a1d33909d7202d1cd9d939d325559c88297d10910e0448ab3e0d5594e6793dfd",
    "contentMarkers": [
      "MANAGED_BLOCK",
    ],
    "hasManagedContent": true,
    "path": ".claude/commands/hatch3r-test-command.md",
  },
  {
    "action": "create",
    "bodyHash": "e2b4a6f1f32c344653214a2f1cf9ba10addb95b695701ab22f3ad4af4ca174fc",
    "contentMarkers": [
      "VALID_JSON",
    ],
    "hasManagedContent": false,
    "path": ".claude/hooks/agent-tool-policies.json",
  },
  {
    "action": "create",
    "bodyHash": "83a3967d2abe7cb5036bb85aa41266f676aaff4e1a60cd57f4378e6ea3c095c9",
    "contentMarkers": [
      "VALID_JSON",
    ],
    "hasManagedContent": false,
    "path": ".claude/hooks/hatch3r-hooks.json",
  },
  {
    "action": "create",
    "bodyHash": "05facd1d9b74fe4307956f40ea8612014973cfd738135dce8f197fc54228fcc4",
    "contentMarkers": [],
    "hasManagedContent": false,
    "path": ".claude/hooks/pretooluse-allowlist.mjs",
  },
  {
    "action": "create",
    "bodyHash": "d4a0483decada2deab9c4d67d8a2bceb4fff9056295f11181f0a061b8cdc16f8",
    "contentMarkers": [
      "MANAGED_BLOCK",
    ],
    "hasManagedContent": true,
    "path": ".claude/rules/50-hatch3r-advisory-hooks.md",
  },
  {
    "action": "create",
    "bodyHash": "73f9e79d460f6838450f7eb93c63e5cc49e316f04a3d6041b722be6d54196b20",
    "contentMarkers": [
      "FRONTMATTER",
      "MANAGED_BLOCK",
    ],
    "hasManagedContent": true,
    "path": ".claude/rules/50-hatch3r-scoped-rule.md",
  },
  {
    "action": "create",
    "bodyHash": "90ac9aad163073c719b5b240139eead315f0b66306e4a9eb76c75c75b5220360",
    "contentMarkers": [
      "MANAGED_BLOCK",
    ],
    "hasManagedContent": true,
    "path": ".claude/rules/50-hatch3r-test-rule.md",
  },
  {
    "action": "create",
    "bodyHash": "0ded848afbc37cf9aa9cffe15d9015e8f52f72b8516f5458beba85406d40396f",
    "contentMarkers": [
      "PERMISSIONS_CONFIG",
      "VALID_JSON",
    ],
    "hasManagedContent": false,
    "path": ".claude/settings.json",
  },
  {
    "action": "create",
    "bodyHash": "44a01c4e7a01b3ff1bb948e97220fddafdc09753d78a9bdb8247c6af1bc59b2d",
    "contentMarkers": [
      "MANAGED_BLOCK",
    ],
    "hasManagedContent": true,
    "path": ".claude/skills/hatch3r-test-skill/SKILL.md",
  },
  {
    "action": "create",
    "bodyHash": "8fd6059209e0b8396d3831ce8db1aafd8d263feff0bef1aa3baba072295b25d5",
    "contentMarkers": [
      "MCP_CONFIG",
      "VALID_JSON",
    ],
    "hasManagedContent": false,
    "path": ".mcp.json",
  },
  {
    "action": "create",
    "bodyHash": "ba5bbf30d4a8a53422984b9606407ec49455be8e75d0f9e5dec0b4a82074d065",
    "contentMarkers": [
      "AGENT_QUICK_REFERENCE",
      "AGENT_TEAMS",
      "BRIDGE_SECTION",
      "MANAGED_BLOCK",
      "MANDATORY_BEHAVIORS",
    ],
    "hasManagedContent": true,
    "path": "CLAUDE.md",
  },
]
`;

exports[`adapter output snapshots > CopilotAdapter > file paths match snapshot 1`] = `
[
  ".github/agents/hatch3r-readonly-agent.agent.md",
  ".github/agents/hatch3r-test-agent.agent.md",
  ".github/agents/hatch3r-test-gh-agent.agent.md",
  ".github/agents/modes/fake-mode.md",
  ".github/agents/shared/fake-reference.md",
  ".github/copilot-instructions.md",
  ".github/instructions/50-hatch3r-scoped-rule.instructions.md",
  ".github/prompts/board/pickup-fake.md",
  ".github/prompts/hatch3r-test-command.prompt.md",
  ".github/skills/hatch3r-test-skill/SKILL.md",
  ".github/workflows/copilot-setup-steps.yml",
  ".vscode/mcp.json",
]
`;

exports[`adapter output snapshots > CopilotAdapter > output structure matches snapshot 1`] = `
[
  {
    "action": "create",
    "bodyHash": "a4d49abd5a9dccf8d385045179b752872d01dda9f141460ff4cba32baeb71abe",
    "contentMarkers": [
      "FRONTMATTER",
      "MANAGED_BLOCK",
    ],
    "hasManagedContent": true,
    "path": ".github/agents/hatch3r-readonly-agent.agent.md",
  },
  {
    "action": "create",
    "bodyHash": "3b6e4cb715f5bf364bd0c42bfe9af4536f0cdc0c6b20ac43e3d8adc38a3d8627",
    "contentMarkers": [
      "FRONTMATTER",
      "MANAGED_BLOCK",
    ],
    "hasManagedContent": true,
    "path": ".github/agents/hatch3r-test-agent.agent.md",
  },
  {
    "action": "create",
    "bodyHash": "9353aac2b06e09ad7d4c600a3373827dfedf13bef632627933d9a0bd9630f6c8",
    "contentMarkers": [
      "FRONTMATTER",
      "MANAGED_BLOCK",
    ],
    "hasManagedContent": true,
    "path": ".github/agents/hatch3r-test-gh-agent.agent.md",
  },
  {
    "action": "create",
    "bodyHash": "46f946ee2e38ce272c8d7da19b2364d9579777975a1db9145e10f1054a7037e9",
    "contentMarkers": [
      "MANAGED_BLOCK",
    ],
    "hasManagedContent": true,
    "path": ".github/agents/modes/fake-mode.md",
  },
  {
    "action": "create",
    "bodyHash": "dfcf8a7cecf20bd87beb1f153630d7efe9f606b8987255df75ca8f817587fd1a",
    "contentMarkers": [
      "MANAGED_BLOCK",
    ],
    "hasManagedContent": true,
    "path": ".github/agents/shared/fake-reference.md",
  },
  {
    "action": "create",
    "bodyHash": "82fbb9ff9d5e228b1bdd147f3ca21f4df7a8caa388092e3216cac594e07adee9",
    "contentMarkers": [
      "AGENT_QUICK_REFERENCE",
      "BRIDGE_SECTION",
      "MANAGED_BLOCK",
      "MANDATORY_BEHAVIORS",
    ],
    "hasManagedContent": true,
    "path": ".github/copilot-instructions.md",
  },
  {
    "action": "create",
    "bodyHash": "dfa8307ac7c5c95b8481f1d346b684bf97cb834c41041ae3eede669e9fc56567",
    "contentMarkers": [
      "FRONTMATTER",
      "MANAGED_BLOCK",
    ],
    "hasManagedContent": true,
    "path": ".github/instructions/50-hatch3r-scoped-rule.instructions.md",
  },
  {
    "action": "create",
    "bodyHash": "bf65585e2e990619c2a58e87b907ade8b0a4ae8b4ab26e6b9f5d05d6eeee949d",
    "contentMarkers": [
      "MANAGED_BLOCK",
    ],
    "hasManagedContent": true,
    "path": ".github/prompts/board/pickup-fake.md",
  },
  {
    "action": "create",
    "bodyHash": "75db9d5cece0faac2cae0552991a52abb3408eecbe3ff848a5a6ccfc71ee6d5b",
    "contentMarkers": [
      "MANAGED_BLOCK",
    ],
    "hasManagedContent": true,
    "path": ".github/prompts/hatch3r-test-command.prompt.md",
  },
  {
    "action": "create",
    "bodyHash": "4d053d2a947b87015360fee4792728b411305dfb573f73db54996e5dda1475d6",
    "contentMarkers": [
      "FRONTMATTER",
      "MANAGED_BLOCK",
    ],
    "hasManagedContent": true,
    "path": ".github/skills/hatch3r-test-skill/SKILL.md",
  },
  {
    "action": "create",
    "bodyHash": "ce338653eaafef2f0bfbd8cf956d76a15c736ab210e0c083a37dff4c750f513c",
    "contentMarkers": [
      "MANAGED_BLOCK_YAML",
    ],
    "hasManagedContent": true,
    "path": ".github/workflows/copilot-setup-steps.yml",
  },
  {
    "action": "create",
    "bodyHash": "db39256a82f6352b66ec868fe1519e001df2b87dbe036d3e0e936a371f03df27",
    "contentMarkers": [
      "VALID_JSON",
    ],
    "hasManagedContent": false,
    "path": ".vscode/mcp.json",
  },
]
`;

exports[`adapter output snapshots > CursorAdapter > file paths match snapshot 1`] = `
[
  ".cursor/agents-policy.json",
  ".cursor/agents/hatch3r-readonly-agent.md",
  ".cursor/agents/hatch3r-test-agent.md",
  ".cursor/agents/modes/fake-mode.md",
  ".cursor/agents/shared/fake-reference.md",
  ".cursor/commands/board/pickup-fake.md",
  ".cursor/commands/hatch3r-test-command.md",
  ".cursor/environment.json",
  ".cursor/hooks.json",
  ".cursor/hooks/subagent-guard.mjs",
  ".cursor/mcp.json",
  ".cursor/rules/50-hatch3r-scoped-rule.mdc",
  ".cursor/rules/50-hatch3r-test-rule.mdc",
  ".cursor/rules/hatch3r-bridge.mdc",
  ".cursor/rules/hatch3r-hook-ci-failure-label-handler.mdc",
  ".cursor/rules/hatch3r-hook-post-merge-deploy.mdc",
  ".cursor/rules/hatch3r-hook-pre-commit-lint-fixer.mdc",
  ".cursor/rules/hatch3r-hook-session-start-ci-watcher.mdc",
  ".cursor/rules/hatch3r-tool-allowlist.mdc",
  ".cursor/skills/hatch3r-test-skill/SKILL.md",
]
`;

exports[`adapter output snapshots > CursorAdapter > output structure matches snapshot 1`] = `
[
  {
    "action": "create",
    "bodyHash": "e2b4a6f1f32c344653214a2f1cf9ba10addb95b695701ab22f3ad4af4ca174fc",
    "contentMarkers": [
      "VALID_JSON",
    ],
    "hasManagedContent": false,
    "path": ".cursor/agents-policy.json",
  },
  {
    "action": "create",
    "bodyHash": "484302b2cee70363d0963ffcaf5b390545a60a8ffd5dd10ebe1b63ac8dddb3d5",
    "contentMarkers": [
      "FRONTMATTER",
      "MANAGED_BLOCK",
    ],
    "hasManagedContent": true,
    "path": ".cursor/agents/hatch3r-readonly-agent.md",
  },
  {
    "action": "create",
    "bodyHash": "3b6e4cb715f5bf364bd0c42bfe9af4536f0cdc0c6b20ac43e3d8adc38a3d8627",
    "contentMarkers": [
      "FRONTMATTER",
      "MANAGED_BLOCK",
    ],
    "hasManagedContent": true,
    "path": ".cursor/agents/hatch3r-test-agent.md",
  },
  {
    "action": "create",
    "bodyHash": "46f946ee2e38ce272c8d7da19b2364d9579777975a1db9145e10f1054a7037e9",
    "contentMarkers": [
      "MANAGED_BLOCK",
    ],
    "hasManagedContent": true,
    "path": ".cursor/agents/modes/fake-mode.md",
  },
  {
    "action": "create",
    "bodyHash": "dfcf8a7cecf20bd87beb1f153630d7efe9f606b8987255df75ca8f817587fd1a",
    "contentMarkers": [
      "MANAGED_BLOCK",
    ],
    "hasManagedContent": true,
    "path": ".cursor/agents/shared/fake-reference.md",
  },
  {
    "action": "create",
    "bodyHash": "bf65585e2e990619c2a58e87b907ade8b0a4ae8b4ab26e6b9f5d05d6eeee949d",
    "contentMarkers": [
      "MANAGED_BLOCK",
    ],
    "hasManagedContent": true,
    "path": ".cursor/commands/board/pickup-fake.md",
  },
  {
    "action": "create",
    "bodyHash": "75db9d5cece0faac2cae0552991a52abb3408eecbe3ff848a5a6ccfc71ee6d5b",
    "contentMarkers": [
      "MANAGED_BLOCK",
    ],
    "hasManagedContent": true,
    "path": ".cursor/commands/hatch3r-test-command.md",
  },
  {
    "action": "create",
    "bodyHash": "b9d9d9857fd5bd58f1717a2520116979864f1954ad01d41e5778ffbd23dc8383",
    "contentMarkers": [
      "VALID_JSON",
    ],
    "hasManagedContent": false,
    "path": ".cursor/environment.json",
  },
  {
    "action": "create",
    "bodyHash": "65862275014bc9202aeede29bb97bb8eafc71c4dc6ce23f62c80c62d77c91103",
    "contentMarkers": [
      "VALID_JSON",
    ],
    "hasManagedContent": false,
    "path": ".cursor/hooks.json",
  },
  {
    "action": "create",
    "bodyHash": "faf3207c762d560f59fbe8664e9cc30b459bdcf6cdec5f403692ec7237dbd8e1",
    "contentMarkers": [],
    "hasManagedContent": false,
    "path": ".cursor/hooks/subagent-guard.mjs",
  },
  {
    "action": "create",
    "bodyHash": "edcff16c54d750a9715197a8205fd4bc0795cf8982787be472150394411524d6",
    "contentMarkers": [
      "MCP_CONFIG",
      "VALID_JSON",
    ],
    "hasManagedContent": false,
    "path": ".cursor/mcp.json",
  },
  {
    "action": "create",
    "bodyHash": "bd91f85e6c42f5cadf3d03b9f57b525bcf59697d9ce79c6397b7e02c3140b42f",
    "contentMarkers": [
      "CURSOR_GLOBS",
      "FRONTMATTER",
      "MANAGED_BLOCK",
    ],
    "hasManagedContent": true,
    "path": ".cursor/rules/50-hatch3r-scoped-rule.mdc",
  },
  {
    "action": "create",
    "bodyHash": "8f390b22eaff566a378c552b9d792c9d6b9be4973f17b170a7dbc30b0155a2ca",
    "contentMarkers": [
      "CURSOR_ALWAYS_APPLY",
      "FRONTMATTER",
      "MANAGED_BLOCK",
    ],
    "hasManagedContent": true,
    "path": ".cursor/rules/50-hatch3r-test-rule.mdc",
  },
  {
    "action": "create",
    "bodyHash": "88995935dcb64a6b9ded816994701089c8456d5339672056c50019cbd33c2ba7",
    "contentMarkers": [
      "AGENT_QUICK_REFERENCE",
      "BRIDGE_SECTION",
      "CURSOR_ALWAYS_APPLY",
      "FRONTMATTER",
      "MANAGED_BLOCK",
      "MANDATORY_BEHAVIORS",
      "PERMISSIONS_CONFIG",
    ],
    "hasManagedContent": true,
    "path": ".cursor/rules/hatch3r-bridge.mdc",
  },
  {
    "action": "create",
    "bodyHash": "e926ca4a2f0f48ddf3034ade03525f5e1d8a2e54884c3cf7b9570a3b48b0e860",
    "contentMarkers": [
      "CURSOR_ALWAYS_APPLY",
      "FRONTMATTER",
      "MANAGED_BLOCK",
    ],
    "hasManagedContent": true,
    "path": ".cursor/rules/hatch3r-hook-ci-failure-label-handler.mdc",
  },
  {
    "action": "create",
    "bodyHash": "b59d6fe565418b9ae87a240dbf48d370995a9e5f0d6a4cf9dc96a0221b964ef9",
    "contentMarkers": [
      "CURSOR_ALWAYS_APPLY",
      "FRONTMATTER",
      "MANAGED_BLOCK",
    ],
    "hasManagedContent": true,
    "path": ".cursor/rules/hatch3r-hook-post-merge-deploy.mdc",
  },
  {
    "action": "create",
    "bodyHash": "5435ab8be489c58d67eff2b8019454838c954e827e64f8e26d03bdc16122b74d",
    "contentMarkers": [
      "CURSOR_GLOBS",
      "FRONTMATTER",
      "MANAGED_BLOCK",
    ],
    "hasManagedContent": true,
    "path": ".cursor/rules/hatch3r-hook-pre-commit-lint-fixer.mdc",
  },
  {
    "action": "create",
    "bodyHash": "25473cbfc6faef2db27925467a0e6dfb6b94798507b0b4208f18466b3541d1ad",
    "contentMarkers": [
      "CURSOR_ALWAYS_APPLY",
      "FRONTMATTER",
      "MANAGED_BLOCK",
    ],
    "hasManagedContent": true,
    "path": ".cursor/rules/hatch3r-hook-session-start-ci-watcher.mdc",
  },
  {
    "action": "create",
    "bodyHash": "cfc46e7f15fd30ba08792eecde157126d1d26e2d05c3244dc8caff0156e62d1f",
    "contentMarkers": [
      "CURSOR_ALWAYS_APPLY",
      "FRONTMATTER",
      "MANAGED_BLOCK",
    ],
    "hasManagedContent": true,
    "path": ".cursor/rules/hatch3r-tool-allowlist.mdc",
  },
  {
    "action": "create",
    "bodyHash": "4d053d2a947b87015360fee4792728b411305dfb573f73db54996e5dda1475d6",
    "contentMarkers": [
      "FRONTMATTER",
      "MANAGED_BLOCK",
    ],
    "hasManagedContent": true,
    "path": ".cursor/skills/hatch3r-test-skill/SKILL.md",
  },
]
`;
